::stdout::

::stderr::
Error on line 1 at `proc`: Unexpected token.
