::stdout::

::stderr::
Error on line 1 at `let`: Unexpected token.
