::stdout::

::stderr::
Error on line 1 at `\n`: Expect property name after '.'
