::stdout::

::stderr::
Error on line 1 at `\.`: Unexpected token.
