::stdout::
123
968132
0
-0
123.456
-0.001

::stderr::
