::stdout::

::stderr::
Error on line 1 at `\)`: Expect property name after '.'
