::stdout::
local
after f
after f
after g

::stderr::
