::stdout::

::stderr::
Error on line 3 at `=`: Invalid assignment target.
