::stdout::

::stderr::
Error on line 2 at `=`: Invalid assignment target.
