::stdout::

::stderr::
Error: Undefined variable 'undef'. at line 1
