::stdout::
Hello World!
Hi there!
Hello World!

::stderr::
