::stdout::
1
1
true
false
false
null
false
true

::stderr::
