::stdout::

::stderr::
Error on line 1 at `123`: Expect line end before procedure body
