::stdout::

::stderr::
Error: Undefined variable 'is_odd'. at line 5
