::stdout::

::stderr::
Error on line 1 at `c`: Expect ')' after parameters
