::stdout::

::stderr::
Error: Can only call procedures and classes at line 1
