::stdout::
Should be true
true
true
Should be false
false
false
false
false
false
false
false

::stderr::
